PASS quack_tuned fwd M=1     N=4096 float16/float16: 3.836 us, 6.4 GB/s, 0.2% of peak BW
PASS quack  fwd M=1     N=4096 float16/float16: 3.776 us, 6.5 GB/s, 0.2% of peak BW
PASS torch  fwd M=1     N=4096 float16/float16: 9.768 us, 2.5 GB/s, 0.1% of peak BW
PASS quack_tuned bwd M=1     N=4096 float16/float16: 14.920 us, 2.7 GB/s, 0.1% of peak BW
PASS quack  bwd M=1     N=4096 float16/float16: 15.328 us, 2.7 GB/s, 0.1% of peak BW
PASS torch  bwd M=1     N=4096 float16/float16: 30.628 us, 1.3 GB/s, 0.0% of peak BW
PASS quack_tuned fwd M=1     N=4096 float16/float32: 4.024 us, 8.1 GB/s, 0.3% of peak BW
PASS quack  fwd M=1     N=4096 float16/float32: 3.840 us, 8.5 GB/s, 0.3% of peak BW
PASS torch  fwd M=1     N=4096 float16/float32: 23.444 us, 1.4 GB/s, 0.0% of peak BW
PASS quack_tuned bwd M=1     N=4096 float16/float32: 11.716 us, 4.9 GB/s, 0.2% of peak BW
PASS quack  bwd M=1     N=4096 float16/float32: 12.144 us, 4.7 GB/s, 0.1% of peak BW
PASS torch  bwd M=1     N=4096 float16/float32: 130.832 us, 0.4 GB/s, 0.0% of peak BW
PASS quack_tuned fwd M=1     N=4096 bfloat16/bfloat16: 3.708 us, 6.6 GB/s, 0.2% of peak BW
PASS quack  fwd M=1     N=4096 bfloat16/bfloat16: 3.844 us, 6.4 GB/s, 0.2% of peak BW
PASS torch  fwd M=1     N=4096 bfloat16/bfloat16: 9.768 us, 2.5 GB/s, 0.1% of peak BW
PASS quack_tuned bwd M=1     N=4096 bfloat16/bfloat16: 14.760 us, 2.8 GB/s, 0.1% of peak BW
PASS quack  bwd M=1     N=4096 bfloat16/bfloat16: 15.256 us, 2.7 GB/s, 0.1% of peak BW
PASS torch  bwd M=1     N=4096 bfloat16/bfloat16: 32.224 us, 1.3 GB/s, 0.0% of peak BW
PASS quack_tuned fwd M=1     N=4096 bfloat16/float32: 3.748 us, 8.7 GB/s, 0.3% of peak BW
PASS quack  fwd M=1     N=4096 bfloat16/float32: 3.844 us, 8.5 GB/s, 0.3% of peak BW
PASS torch  fwd M=1     N=4096 bfloat16/float32: 21.956 us, 1.5 GB/s, 0.0% of peak BW
PASS quack_tuned bwd M=1     N=4096 bfloat16/float32: 11.920 us, 4.8 GB/s, 0.2% of peak BW
PASS quack  bwd M=1     N=4096 bfloat16/float32: 12.388 us, 4.6 GB/s, 0.1% of peak BW
PASS torch  bwd M=1     N=4096 bfloat16/float32: 134.000 us, 0.4 GB/s, 0.0% of peak BW
PASS quack_tuned fwd M=1     N=4096 float32/float32: 3.768 us, 13.0 GB/s, 0.4% of peak BW
PASS quack  fwd M=1     N=4096 float32/float32: 4.004 us, 12.3 GB/s, 0.4% of peak BW
PASS torch  fwd M=1     N=4096 float32/float32: 8.004 us, 6.1 GB/s, 0.2% of peak BW
PASS quack_tuned bwd M=1     N=4096 float32/float32: 12.192 us, 6.7 GB/s, 0.2% of peak BW
PASS quack  bwd M=1     N=4096 float32/float32: 12.424 us, 6.6 GB/s, 0.2% of peak BW
PASS torch  bwd M=1     N=4096 float32/float32: 30.680 us, 2.7 GB/s, 0.1% of peak BW
PASS quack_tuned fwd M=256   N=4096 float16/float16: 5.284 us, 795.3 GB/s, 25.0% of peak BW
PASS quack  fwd M=256   N=4096 float16/float16: 5.488 us, 765.8 GB/s, 24.1% of peak BW
PASS torch  fwd M=256   N=4096 float16/float16: 10.160 us, 413.6 GB/s, 13.0% of peak BW
PASS quack_tuned bwd M=256   N=4096 float16/float16: 17.160 us, 367.6 GB/s, 11.6% of peak BW
PASS quack  bwd M=256   N=4096 float16/float16: 20.828 us, 302.9 GB/s, 9.5% of peak BW
PASS torch  bwd M=256   N=4096 float16/float16: 31.508 us, 200.2 GB/s, 6.3% of peak BW
PASS quack_tuned fwd M=256   N=4096 float16/float32: 5.172 us, 814.1 GB/s, 25.6% of peak BW
PASS quack  fwd M=256   N=4096 float16/float32: 5.344 us, 787.9 GB/s, 24.8% of peak BW
PASS torch  fwd M=256   N=4096 float16/float32: 38.412 us, 109.6 GB/s, 3.4% of peak BW
PASS quack_tuned bwd M=256   N=4096 float16/float32: 14.436 us, 438.2 GB/s, 13.8% of peak BW
PASS quack  bwd M=256   N=4096 float16/float32: 14.816 us, 426.9 GB/s, 13.4% of peak BW
PASS torch  bwd M=256   N=4096 float16/float32: 130.560 us, 48.4 GB/s, 1.5% of peak BW
PASS quack_tuned fwd M=256   N=4096 bfloat16/bfloat16: 5.168 us, 813.2 GB/s, 25.6% of peak BW
PASS quack  fwd M=256   N=4096 bfloat16/bfloat16: 5.376 us, 781.7 GB/s, 24.6% of peak BW
PASS torch  fwd M=256   N=4096 bfloat16/bfloat16: 10.188 us, 412.5 GB/s, 13.0% of peak BW
PASS quack_tuned bwd M=256   N=4096 bfloat16/bfloat16: 17.244 us, 365.9 GB/s, 11.5% of peak BW
PASS quack  bwd M=256   N=4096 bfloat16/bfloat16: 18.612 us, 339.0 GB/s, 10.7% of peak BW
PASS torch  bwd M=256   N=4096 bfloat16/bfloat16: 32.484 us, 194.2 GB/s, 6.1% of peak BW
PASS quack_tuned fwd M=256   N=4096 bfloat16/float32: 5.136 us, 819.8 GB/s, 25.8% of peak BW
PASS quack  fwd M=256   N=4096 bfloat16/float32: 5.348 us, 787.3 GB/s, 24.7% of peak BW
PASS torch  fwd M=256   N=4096 bfloat16/float32: 38.312 us, 109.9 GB/s, 3.5% of peak BW
PASS quack_tuned bwd M=256   N=4096 bfloat16/float32: 14.468 us, 437.2 GB/s, 13.7% of peak BW
PASS quack  bwd M=256   N=4096 bfloat16/float32: 14.740 us, 429.1 GB/s, 13.5% of peak BW
PASS torch  bwd M=256   N=4096 bfloat16/float32: 131.188 us, 48.2 GB/s, 1.5% of peak BW
PASS quack_tuned fwd M=256   N=4096 float32/float32: 6.444 us, 1304.3 GB/s, 41.0% of peak BW
PASS quack  fwd M=256   N=4096 float32/float32: 6.776 us, 1240.4 GB/s, 39.0% of peak BW
PASS torch  fwd M=256   N=4096 float32/float32: 9.392 us, 894.9 GB/s, 28.1% of peak BW
PASS quack_tuned bwd M=256   N=4096 float32/float32: 16.660 us, 757.3 GB/s, 23.8% of peak BW
PASS quack  bwd M=256   N=4096 float32/float32: 17.084 us, 738.5 GB/s, 23.2% of peak BW
PASS torch  bwd M=256   N=4096 float32/float32: 33.448 us, 377.2 GB/s, 11.9% of peak BW
PASS quack_tuned fwd M=512   N=4096 float16/float16: 6.440 us, 1303.9 GB/s, 41.0% of peak BW
PASS quack  fwd M=512   N=4096 float16/float16: 6.712 us, 1251.0 GB/s, 39.3% of peak BW
PASS torch  fwd M=512   N=4096 float16/float16: 10.784 us, 778.6 GB/s, 24.5% of peak BW
PASS quack_tuned bwd M=512   N=4096 float16/float16: 19.656 us, 641.1 GB/s, 20.1% of peak BW
PASS quack  bwd M=512   N=4096 float16/float16: 21.044 us, 598.8 GB/s, 18.8% of peak BW
PASS torch  bwd M=512   N=4096 float16/float16: 32.820 us, 384.0 GB/s, 12.1% of peak BW
PASS quack_tuned fwd M=512   N=4096 float16/float32: 6.456 us, 1301.9 GB/s, 40.9% of peak BW
PASS quack  fwd M=512   N=4096 float16/float32: 6.840 us, 1228.8 GB/s, 38.6% of peak BW
PASS torch  fwd M=512   N=4096 float16/float32: 61.540 us, 136.6 GB/s, 4.3% of peak BW
PASS quack_tuned bwd M=512   N=4096 float16/float32: 16.704 us, 755.4 GB/s, 23.7% of peak BW
PASS quack  bwd M=512   N=4096 float16/float32: 17.052 us, 740.0 GB/s, 23.3% of peak BW
PASS torch  bwd M=512   N=4096 float16/float32: 133.108 us, 94.8 GB/s, 3.0% of peak BW
PASS quack_tuned fwd M=512   N=4096 bfloat16/bfloat16: 6.484 us, 1295.0 GB/s, 40.7% of peak BW
PASS quack  fwd M=512   N=4096 bfloat16/bfloat16: 6.780 us, 1238.5 GB/s, 38.9% of peak BW
PASS torch  fwd M=512   N=4096 bfloat16/bfloat16: 10.788 us, 778.3 GB/s, 24.5% of peak BW
PASS quack_tuned bwd M=512   N=4096 bfloat16/bfloat16: 19.796 us, 636.6 GB/s, 20.0% of peak BW
PASS quack  bwd M=512   N=4096 bfloat16/bfloat16: 21.108 us, 597.0 GB/s, 18.8% of peak BW
PASS torch  bwd M=512   N=4096 bfloat16/bfloat16: 33.532 us, 375.8 GB/s, 11.8% of peak BW
PASS quack_tuned fwd M=512   N=4096 bfloat16/float32: 6.456 us, 1301.9 GB/s, 40.9% of peak BW
PASS quack  fwd M=512   N=4096 bfloat16/float32: 6.732 us, 1248.5 GB/s, 39.2% of peak BW
PASS torch  fwd M=512   N=4096 bfloat16/float32: 50.972 us, 164.9 GB/s, 5.2% of peak BW
PASS quack_tuned bwd M=512   N=4096 bfloat16/float32: 16.660 us, 757.4 GB/s, 23.8% of peak BW
PASS quack  bwd M=512   N=4096 bfloat16/float32: 17.168 us, 735.0 GB/s, 23.1% of peak BW
PASS torch  bwd M=512   N=4096 bfloat16/float32: 133.896 us, 94.2 GB/s, 3.0% of peak BW
PASS quack_tuned fwd M=512   N=4096 float32/float32: 8.840 us, 1899.7 GB/s, 59.7% of peak BW
PASS quack  fwd M=512   N=4096 float32/float32: 9.632 us, 1743.5 GB/s, 54.8% of peak BW
PASS torch  fwd M=512   N=4096 float32/float32: 11.344 us, 1480.4 GB/s, 46.5% of peak BW
PASS quack_tuned bwd M=512   N=4096 float32/float32: 20.860 us, 1208.1 GB/s, 38.0% of peak BW
PASS quack  bwd M=512   N=4096 float32/float32: 20.800 us, 1211.6 GB/s, 38.1% of peak BW
PASS torch  bwd M=512   N=4096 float32/float32: 33.284 us, 757.1 GB/s, 23.8% of peak BW
PASS quack_tuned fwd M=4096  N=3000 float16/float16: 21.820 us, 2252.9 GB/s, 70.8% of peak BW
PASS quack  fwd M=4096  N=3000 float16/float16: 22.604 us, 2174.7 GB/s, 68.3% of peak BW
PASS torch  fwd M=4096  N=3000 float16/float16: 25.904 us, 1897.7 GB/s, 59.6% of peak BW
PASS quack_tuned bwd M=4096  N=3000 float16/float16: 46.011 us, 1603.0 GB/s, 50.4% of peak BW
PASS quack  bwd M=4096  N=3000 float16/float16: 50.640 us, 1456.5 GB/s, 45.8% of peak BW
PASS torch  bwd M=4096  N=3000 float16/float16: 66.699 us, 1105.8 GB/s, 34.7% of peak BW
PASS quack_tuned fwd M=4096  N=3000 float16/float32: 22.008 us, 2233.9 GB/s, 70.2% of peak BW
PASS quack  fwd M=4096  N=3000 float16/float32: 22.768 us, 2159.3 GB/s, 67.9% of peak BW
PASS torch  fwd M=4096  N=3000 float16/float32: 220.188 us, 223.3 GB/s, 7.0% of peak BW
PASS quack_tuned bwd M=4096  N=3000 float16/float32: 42.501 us, 1735.7 GB/s, 54.5% of peak BW
PASS quack  bwd M=4096  N=3000 float16/float32: 47.595 us, 1549.9 GB/s, 48.7% of peak BW
PASS torch  bwd M=4096  N=3000 float16/float32: 547.483 us, 134.7 GB/s, 4.2% of peak BW
PASS quack_tuned fwd M=4096  N=3000 bfloat16/bfloat16: 21.744 us, 2260.8 GB/s, 71.0% of peak BW
PASS quack  fwd M=4096  N=3000 bfloat16/bfloat16: 22.652 us, 2170.1 GB/s, 68.2% of peak BW
PASS torch  fwd M=4096  N=3000 bfloat16/bfloat16: 25.768 us, 1907.7 GB/s, 59.9% of peak BW
PASS quack_tuned bwd M=4096  N=3000 bfloat16/bfloat16: 46.203 us, 1596.4 GB/s, 50.2% of peak BW
PASS quack  bwd M=4096  N=3000 bfloat16/bfloat16: 50.613 us, 1457.3 GB/s, 45.8% of peak BW
PASS torch  bwd M=4096  N=3000 bfloat16/bfloat16: 67.424 us, 1093.9 GB/s, 34.4% of peak BW
PASS quack_tuned fwd M=4096  N=3000 bfloat16/float32: 22.088 us, 2225.8 GB/s, 69.9% of peak BW
PASS quack  fwd M=4096  N=3000 bfloat16/float32: 22.780 us, 2158.2 GB/s, 67.8% of peak BW
PASS torch  fwd M=4096  N=3000 bfloat16/float32: 219.996 us, 223.5 GB/s, 7.0% of peak BW
PASS quack_tuned bwd M=4096  N=3000 bfloat16/float32: 42.677 us, 1728.5 GB/s, 54.3% of peak BW
PASS quack  bwd M=4096  N=3000 bfloat16/float32: 48.331 us, 1526.3 GB/s, 48.0% of peak BW
PASS torch  bwd M=4096  N=3000 bfloat16/float32: 547.440 us, 134.8 GB/s, 4.2% of peak BW
PASS quack_tuned fwd M=4096  N=3000 float32/float32: 40.080 us, 2453.0 GB/s, 77.1% of peak BW
PASS quack  fwd M=4096  N=3000 float32/float32: 41.192 us, 2386.8 GB/s, 75.0% of peak BW
PASS torch  fwd M=4096  N=3000 float32/float32: 47.136 us, 2085.8 GB/s, 65.5% of peak BW
PASS quack_tuned bwd M=4096  N=3000 float32/float32: 69.176 us, 2132.2 GB/s, 67.0% of peak BW
PASS quack  bwd M=4096  N=3000 float32/float32: 70.000 us, 2107.1 GB/s, 66.2% of peak BW
PASS torch  bwd M=4096  N=3000 float32/float32: 132.424 us, 1113.8 GB/s, 35.0% of peak BW
PASS quack_tuned fwd M=4096  N=4096 float16/float16: 28.528 us, 2352.7 GB/s, 73.9% of peak BW
PASS quack  fwd M=4096  N=4096 float16/float16: 29.051 us, 2310.3 GB/s, 72.6% of peak BW
PASS torch  fwd M=4096  N=4096 float16/float16: 32.603 us, 2058.6 GB/s, 64.7% of peak BW
PASS quack_tuned bwd M=4096  N=4096 float16/float16: 58.648 us, 1717.0 GB/s, 54.0% of peak BW
PASS quack  bwd M=4096  N=4096 float16/float16: 59.048 us, 1705.3 GB/s, 53.6% of peak BW
PASS torch  bwd M=4096  N=4096 float16/float16: 89.560 us, 1124.3 GB/s, 35.3% of peak BW
PASS quack_tuned fwd M=4096  N=4096 float16/float32: 30.016 us, 2236.3 GB/s, 70.3% of peak BW
PASS quack  fwd M=4096  N=4096 float16/float32: 29.989 us, 2238.3 GB/s, 70.3% of peak BW
PASS torch  fwd M=4096  N=4096 float16/float32: 296.229 us, 226.6 GB/s, 7.1% of peak BW
PASS quack_tuned bwd M=4096  N=4096 float16/float32: 57.680 us, 1746.1 GB/s, 54.9% of peak BW
PASS quack  bwd M=4096  N=4096 float16/float32: 53.432 us, 1884.9 GB/s, 59.2% of peak BW
PASS torch  bwd M=4096  N=4096 float16/float32: 722.808 us, 139.3 GB/s, 4.4% of peak BW
PASS quack_tuned fwd M=4096  N=4096 bfloat16/bfloat16: 28.507 us, 2354.4 GB/s, 74.0% of peak BW
PASS quack  fwd M=4096  N=4096 bfloat16/bfloat16: 29.147 us, 2302.7 GB/s, 72.4% of peak BW
PASS torch  fwd M=4096  N=4096 bfloat16/bfloat16: 32.421 us, 2070.2 GB/s, 65.1% of peak BW
PASS quack_tuned bwd M=4096  N=4096 bfloat16/bfloat16: 58.800 us, 1712.5 GB/s, 53.8% of peak BW
PASS quack  bwd M=4096  N=4096 bfloat16/bfloat16: 59.928 us, 1680.3 GB/s, 52.8% of peak BW
PASS torch  bwd M=4096  N=4096 bfloat16/bfloat16: 94.856 us, 1061.6 GB/s, 33.4% of peak BW
PASS quack_tuned fwd M=4096  N=4096 bfloat16/float32: 28.736 us, 2335.9 GB/s, 73.4% of peak BW
PASS quack  fwd M=4096  N=4096 bfloat16/float32: 29.061 us, 2309.8 GB/s, 72.6% of peak BW
PASS torch  fwd M=4096  N=4096 bfloat16/float32: 292.117 us, 229.8 GB/s, 7.2% of peak BW
PASS quack_tuned bwd M=4096  N=4096 bfloat16/float32: 53.336 us, 1888.3 GB/s, 59.3% of peak BW
PASS quack  bwd M=4096  N=4096 bfloat16/float32: 53.664 us, 1876.7 GB/s, 59.0% of peak BW
PASS torch  bwd M=4096  N=4096 bfloat16/float32: 721.104 us, 139.7 GB/s, 4.4% of peak BW
PASS quack_tuned fwd M=4096  N=4096 float32/float32: 52.112 us, 2575.9 GB/s, 80.9% of peak BW
PASS quack  fwd M=4096  N=4096 float32/float32: 52.288 us, 2567.2 GB/s, 80.7% of peak BW
PASS torch  fwd M=4096  N=4096 float32/float32: 69.688 us, 1926.2 GB/s, 60.5% of peak BW
PASS quack_tuned bwd M=4096  N=4096 float32/float32: 89.952 us, 2238.7 GB/s, 70.3% of peak BW
PASS quack  bwd M=4096  N=4096 float32/float32: 92.056 us, 2187.5 GB/s, 68.7% of peak BW
PASS torch  bwd M=4096  N=4096 float32/float32: 176.176 us, 1143.0 GB/s, 35.9% of peak BW
PASS quack_tuned fwd M=32768 N=1024 float16/float16: 53.352 us, 2515.7 GB/s, 79.1% of peak BW
PASS quack  fwd M=32768 N=1024 float16/float16: 52.048 us, 2578.8 GB/s, 81.0% of peak BW
PASS torch  fwd M=32768 N=1024 float16/float16: 57.576 us, 2331.2 GB/s, 73.3% of peak BW
PASS quack_tuned bwd M=32768 N=1024 float16/float16: 93.680 us, 2150.5 GB/s, 67.6% of peak BW
PASS quack  bwd M=32768 N=1024 float16/float16: 93.088 us, 2164.2 GB/s, 68.0% of peak BW
PASS torch  bwd M=32768 N=1024 float16/float16: 210.504 us, 957.0 GB/s, 30.1% of peak BW
PASS quack_tuned fwd M=32768 N=1024 float16/float32: 52.944 us, 2535.2 GB/s, 79.7% of peak BW
PASS quack  fwd M=32768 N=1024 float16/float32: 52.912 us, 2536.7 GB/s, 79.7% of peak BW
PASS torch  fwd M=32768 N=1024 float16/float32: 552.032 us, 243.1 GB/s, 7.6% of peak BW
PASS quack_tuned bwd M=32768 N=1024 float16/float32: 91.192 us, 2209.2 GB/s, 69.4% of peak BW
PASS quack  bwd M=32768 N=1024 float16/float32: 90.760 us, 2219.8 GB/s, 69.8% of peak BW
PASS torch  bwd M=32768 N=1024 float16/float32: 1357.288 us, 148.4 GB/s, 4.7% of peak BW
PASS quack_tuned fwd M=32768 N=1024 bfloat16/bfloat16: 52.960 us, 2534.4 GB/s, 79.6% of peak BW
PASS quack  fwd M=32768 N=1024 bfloat16/bfloat16: 51.656 us, 2598.3 GB/s, 81.6% of peak BW
PASS torch  fwd M=32768 N=1024 bfloat16/bfloat16: 57.600 us, 2330.2 GB/s, 73.2% of peak BW
PASS quack_tuned bwd M=32768 N=1024 bfloat16/bfloat16: 93.192 us, 2161.8 GB/s, 67.9% of peak BW
PASS quack  bwd M=32768 N=1024 bfloat16/bfloat16: 93.096 us, 2164.0 GB/s, 68.0% of peak BW
PASS torch  bwd M=32768 N=1024 bfloat16/bfloat16: 202.640 us, 994.2 GB/s, 31.2% of peak BW
PASS quack_tuned fwd M=32768 N=1024 bfloat16/float32: 52.920 us, 2536.3 GB/s, 79.7% of peak BW
PASS quack  fwd M=32768 N=1024 bfloat16/float32: 52.912 us, 2536.7 GB/s, 79.7% of peak BW
PASS torch  fwd M=32768 N=1024 bfloat16/float32: 552.920 us, 242.8 GB/s, 7.6% of peak BW
PASS quack_tuned bwd M=32768 N=1024 bfloat16/float32: 91.016 us, 2213.5 GB/s, 69.6% of peak BW
PASS quack  bwd M=32768 N=1024 bfloat16/float32: 92.368 us, 2181.1 GB/s, 68.5% of peak BW
PASS torch  bwd M=32768 N=1024 bfloat16/float32: 1354.832 us, 148.7 GB/s, 4.7% of peak BW
PASS quack_tuned fwd M=32768 N=1024 float32/float32: 96.592 us, 2779.1 GB/s, 87.3% of peak BW
PASS quack  fwd M=32768 N=1024 float32/float32: 96.224 us, 2789.7 GB/s, 87.7% of peak BW
PASS torch  fwd M=32768 N=1024 float32/float32: 98.696 us, 2719.9 GB/s, 85.5% of peak BW
PASS quack_tuned bwd M=32768 N=1024 float32/float32: 155.744 us, 2586.2 GB/s, 81.3% of peak BW
PASS quack  bwd M=32768 N=1024 float32/float32: 160.832 us, 2504.4 GB/s, 78.7% of peak BW
PASS torch  bwd M=32768 N=1024 float32/float32: 289.224 us, 1392.7 GB/s, 43.8% of peak BW
PASS quack_tuned fwd M=32768 N=2048 float16/float16: 96.464 us, 2782.8 GB/s, 87.4% of peak BW
PASS quack  fwd M=32768 N=2048 float16/float16: 96.776 us, 2773.8 GB/s, 87.2% of peak BW
PASS torch  fwd M=32768 N=2048 float16/float16: 103.424 us, 2595.5 GB/s, 81.6% of peak BW
PASS quack_tuned bwd M=32768 N=2048 float16/float16: 168.632 us, 2388.6 GB/s, 75.1% of peak BW
PASS quack  bwd M=32768 N=2048 float16/float16: 169.696 us, 2373.6 GB/s, 74.6% of peak BW
PASS torch  bwd M=32768 N=2048 float16/float16: 298.928 us, 1347.5 GB/s, 42.3% of peak BW
PASS quack_tuned fwd M=32768 N=2048 float16/float32: 96.584 us, 2779.4 GB/s, 87.3% of peak BW
PASS quack  fwd M=32768 N=2048 float16/float32: 98.984 us, 2712.0 GB/s, 85.2% of peak BW
PASS torch  fwd M=32768 N=2048 float16/float32: 1070.240 us, 250.8 GB/s, 7.9% of peak BW
PASS quack_tuned bwd M=32768 N=2048 float16/float32: 196.520 us, 2049.7 GB/s, 64.4% of peak BW
PASS quack  bwd M=32768 N=2048 float16/float32: 186.416 us, 2160.8 GB/s, 67.9% of peak BW
PASS torch  bwd M=32768 N=2048 float16/float32: 2592.712 us, 155.4 GB/s, 4.9% of peak BW
PASS quack_tuned fwd M=32768 N=2048 bfloat16/bfloat16: 96.504 us, 2781.6 GB/s, 87.4% of peak BW
PASS quack  fwd M=32768 N=2048 bfloat16/bfloat16: 96.760 us, 2774.3 GB/s, 87.2% of peak BW
PASS torch  fwd M=32768 N=2048 bfloat16/bfloat16: 104.080 us, 2579.2 GB/s, 81.0% of peak BW
PASS quack_tuned bwd M=32768 N=2048 bfloat16/bfloat16: 165.968 us, 2426.9 GB/s, 76.3% of peak BW
PASS quack  bwd M=32768 N=2048 bfloat16/bfloat16: 170.368 us, 2364.2 GB/s, 74.3% of peak BW
PASS torch  bwd M=32768 N=2048 bfloat16/bfloat16: 289.616 us, 1390.8 GB/s, 43.7% of peak BW
PASS quack_tuned fwd M=32768 N=2048 bfloat16/float32: 96.736 us, 2775.0 GB/s, 87.2% of peak BW
PASS quack  fwd M=32768 N=2048 bfloat16/float32: 99.152 us, 2707.4 GB/s, 85.1% of peak BW
PASS torch  fwd M=32768 N=2048 bfloat16/float32: 1072.152 us, 250.4 GB/s, 7.9% of peak BW
PASS quack_tuned bwd M=32768 N=2048 bfloat16/float32: 164.400 us, 2450.1 GB/s, 77.0% of peak BW
PASS quack  bwd M=32768 N=2048 bfloat16/float32: 168.856 us, 2385.5 GB/s, 75.0% of peak BW
PASS torch  bwd M=32768 N=2048 bfloat16/float32: 2602.368 us, 154.8 GB/s, 4.9% of peak BW
PASS quack_tuned fwd M=32768 N=2048 float32/float32: 185.328 us, 2896.9 GB/s, 91.0% of peak BW
PASS quack  fwd M=32768 N=2048 float32/float32: 191.408 us, 2804.9 GB/s, 88.1% of peak BW
PASS torch  fwd M=32768 N=2048 float32/float32: 243.288 us, 2206.8 GB/s, 69.3% of peak BW
PASS quack_tuned bwd M=32768 N=2048 float32/float32: 297.360 us, 2708.7 GB/s, 85.1% of peak BW
PASS quack  bwd M=32768 N=2048 float32/float32: 306.384 us, 2628.9 GB/s, 82.6% of peak BW
PASS torch  bwd M=32768 N=2048 float32/float32: 612.752 us, 1314.5 GB/s, 41.3% of peak BW
PASS quack_tuned fwd M=32768 N=4096 float16/float16: 183.912 us, 2919.2 GB/s, 91.7% of peak BW
PASS quack  fwd M=32768 N=4096 float16/float16: 184.536 us, 2909.3 GB/s, 91.4% of peak BW
PASS torch  fwd M=32768 N=4096 float16/float16: 262.032 us, 2048.9 GB/s, 64.4% of peak BW
PASS quack_tuned bwd M=32768 N=4096 float16/float16: 294.112 us, 2738.6 GB/s, 86.1% of peak BW
PASS quack  bwd M=32768 N=4096 float16/float16: 292.824 us, 2750.6 GB/s, 86.4% of peak BW
PASS torch  bwd M=32768 N=4096 float16/float16: 637.224 us, 1264.0 GB/s, 39.7% of peak BW
PASS quack_tuned fwd M=32768 N=4096 float16/float32: 184.888 us, 2903.9 GB/s, 91.2% of peak BW
PASS quack  fwd M=32768 N=4096 float16/float32: 185.360 us, 2896.5 GB/s, 91.0% of peak BW
PASS torch  fwd M=32768 N=4096 float16/float32: 2086.400 us, 257.3 GB/s, 8.1% of peak BW
PASS quack_tuned bwd M=32768 N=4096 float16/float32: 282.648 us, 2849.7 GB/s, 89.5% of peak BW
PASS quack  bwd M=32768 N=4096 float16/float32: 296.744 us, 2714.4 GB/s, 85.3% of peak BW
PASS torch  bwd M=32768 N=4096 float16/float32: 5074.280 us, 158.7 GB/s, 5.0% of peak BW
PASS quack_tuned fwd M=32768 N=4096 bfloat16/bfloat16: 184.040 us, 2917.2 GB/s, 91.7% of peak BW
PASS quack  fwd M=32768 N=4096 bfloat16/bfloat16: 184.472 us, 2910.4 GB/s, 91.5% of peak BW
PASS torch  fwd M=32768 N=4096 bfloat16/bfloat16: 266.632 us, 2013.6 GB/s, 63.3% of peak BW
PASS quack_tuned bwd M=32768 N=4096 bfloat16/bfloat16: 292.896 us, 2750.0 GB/s, 86.4% of peak BW
PASS quack  bwd M=32768 N=4096 bfloat16/bfloat16: 290.584 us, 2771.8 GB/s, 87.1% of peak BW
PASS torch  bwd M=32768 N=4096 bfloat16/bfloat16: 650.400 us, 1238.4 GB/s, 38.9% of peak BW
PASS quack_tuned fwd M=32768 N=4096 bfloat16/float32: 185.072 us, 2901.0 GB/s, 91.2% of peak BW
PASS quack  fwd M=32768 N=4096 bfloat16/float32: 184.320 us, 2912.8 GB/s, 91.5% of peak BW
PASS torch  fwd M=32768 N=4096 bfloat16/float32: 2091.184 us, 256.7 GB/s, 8.1% of peak BW
PASS quack_tuned bwd M=32768 N=4096 bfloat16/float32: 281.928 us, 2857.0 GB/s, 89.8% of peak BW
PASS quack  bwd M=32768 N=4096 bfloat16/float32: 296.104 us, 2720.2 GB/s, 85.5% of peak BW
PASS torch  bwd M=32768 N=4096 bfloat16/float32: 5084.552 us, 158.4 GB/s, 5.0% of peak BW
PASS quack_tuned fwd M=32768 N=4096 float32/float32: 360.616 us, 2977.6 GB/s, 93.6% of peak BW
PASS quack  fwd M=32768 N=4096 float32/float32: 361.048 us, 2974.0 GB/s, 93.5% of peak BW
PASS torch  fwd M=32768 N=4096 float32/float32: 522.312 us, 2055.8 GB/s, 64.6% of peak BW
PASS quack_tuned bwd M=32768 N=4096 float32/float32: 557.072 us, 2891.5 GB/s, 90.9% of peak BW
PASS quack  bwd M=32768 N=4096 float32/float32: 564.072 us, 2855.6 GB/s, 89.7% of peak BW
PASS torch  bwd M=32768 N=4096 float32/float32: 1230.272 us, 1309.3 GB/s, 41.1% of peak BW
PASS quack_tuned fwd M=32768 N=8192 float16/float16: 359.664 us, 2985.4 GB/s, 93.8% of peak BW
PASS quack  fwd M=32768 N=8192 float16/float16: 360.312 us, 2980.1 GB/s, 93.6% of peak BW
PASS torch  fwd M=32768 N=8192 float16/float16: 538.640 us, 1993.5 GB/s, 62.6% of peak BW
PASS quack_tuned bwd M=32768 N=8192 float16/float16: 541.920 us, 2972.4 GB/s, 93.4% of peak BW
PASS quack  bwd M=32768 N=8192 float16/float16: 593.416 us, 2714.4 GB/s, 85.3% of peak BW
PASS torch  bwd M=32768 N=8192 float16/float16: 1378.128 us, 1168.8 GB/s, 36.7% of peak BW
PASS quack_tuned fwd M=32768 N=8192 float16/float32: 359.528 us, 2986.6 GB/s, 93.9% of peak BW
PASS quack  fwd M=32768 N=8192 float16/float32: 358.224 us, 2997.5 GB/s, 94.2% of peak BW
PASS torch  fwd M=32768 N=8192 float16/float32: 4121.256 us, 260.5 GB/s, 8.2% of peak BW
PASS quack_tuned bwd M=32768 N=8192 float16/float32: 538.448 us, 2991.6 GB/s, 94.0% of peak BW
PASS quack  bwd M=32768 N=8192 float16/float32: 575.792 us, 2797.6 GB/s, 87.9% of peak BW
PASS torch  bwd M=32768 N=8192 float16/float32: 10042.000 us, 160.4 GB/s, 5.0% of peak BW
PASS quack_tuned fwd M=32768 N=8192 bfloat16/bfloat16: 358.904 us, 2991.8 GB/s, 94.0% of peak BW
PASS quack  fwd M=32768 N=8192 bfloat16/bfloat16: 359.688 us, 2985.2 GB/s, 93.8% of peak BW
PASS torch  fwd M=32768 N=8192 bfloat16/bfloat16: 537.992 us, 1995.9 GB/s, 62.7% of peak BW
PASS quack_tuned bwd M=32768 N=8192 bfloat16/bfloat16: 540.608 us, 2979.6 GB/s, 93.6% of peak BW
PASS quack  bwd M=32768 N=8192 bfloat16/bfloat16: 595.088 us, 2706.8 GB/s, 85.1% of peak BW
PASS torch  bwd M=32768 N=8192 bfloat16/bfloat16: 1361.264 us, 1183.3 GB/s, 37.2% of peak BW
PASS quack_tuned fwd M=32768 N=8192 bfloat16/float32: 358.792 us, 2992.7 GB/s, 94.0% of peak BW
PASS quack  fwd M=32768 N=8192 bfloat16/float32: 358.552 us, 2994.8 GB/s, 94.1% of peak BW
PASS torch  fwd M=32768 N=8192 bfloat16/float32: 4130.496 us, 260.0 GB/s, 8.2% of peak BW
PASS quack_tuned bwd M=32768 N=8192 bfloat16/float32: 538.352 us, 2992.1 GB/s, 94.0% of peak BW
PASS quack  bwd M=32768 N=8192 bfloat16/float32: 592.712 us, 2717.7 GB/s, 85.4% of peak BW
PASS torch  bwd M=32768 N=8192 bfloat16/float32: 10055.328 us, 160.2 GB/s, 5.0% of peak BW
PASS quack_tuned fwd M=32768 N=8192 float32/float32: 711.240 us, 3019.4 GB/s, 94.9% of peak BW
PASS quack  fwd M=32768 N=8192 float32/float32: 712.880 us, 3012.5 GB/s, 94.7% of peak BW
PASS torch  fwd M=32768 N=8192 float32/float32: 1066.672 us, 2013.3 GB/s, 63.3% of peak BW
PASS quack_tuned bwd M=32768 N=8192 float32/float32: 1082.928 us, 2974.7 GB/s, 93.5% of peak BW
PASS quack  bwd M=32768 N=8192 float32/float32: 1105.160 us, 2914.9 GB/s, 91.6% of peak BW
PASS torch  bwd M=32768 N=8192 float32/float32: 2447.560 us, 1316.2 GB/s, 41.4% of peak BW
Artifacts: /root/xbench-h100-tuned2
CSV: /root/xbench-h100-tuned2/results.csv
Environment: /root/xbench-h100-tuned2/environment.json
